manifest should match snapshot:
  1: |
    apiVersion: v1
    automountServiceAccountToken: true
    kind: ServiceAccount
    metadata:
      labels: null
      name: steadybit-extension-kong
      namespace: NAMESPACE
